<area shape="rect" href="$classcm_file.html" title="cmFile" alt="" coords="224,203,283,229">
<area shape="rect" href="$classcm_input.html" title="Stores pressed/released keys/mousebuttons and updates them on request." alt="" coords="307,203,373,229">
<area shape="rect" href="$classcm_anim.html" title="Master class for animations." alt="" coords="397,203,467,229">
<area shape="rect" href="$classc_data_system.html" title="cDataSystem" alt="" coords="435,96,533,123">
<area shape="rect" href="$classcm_player.html" title="cmPlayer" alt="" coords="491,203,565,229">
<area shape="rect" href="$classcm_anim_data.html" title="cmAnimData" alt="" coords="315,96,411,123">
<area shape="rect" href="$classt_loading_system.html" title="tLoadingSystem\&lt; cAnimData * \&gt;" alt="" coords="5,5,216,32">
<area shape="rect" href="$classc_anim_seq_data.html" title="Data for an animation sequence." alt="" coords="240,5,347,32">
<area shape="rect" href="$classc_anim_frame_data.html" title="Data for a single frame of animation." alt="" coords="371,5,493,32">
<area shape="rect" href="$classc_anim_data.html" title="Data for an animation." alt="" coords="517,5,603,32">
<area shape="rect" href="$classcm_draw.html" title="cmDraw" alt="" coords="589,203,656,229">
<area shape="rect" href="$classc_vector.html" title="cVector" alt="" coords="557,96,621,123">
<area shape="rect" href="$classcm_timer.html" title="Timer module. Handles timer related stuff." alt="" coords="680,203,752,229">
