<area shape="rect" href="$draw_8h.html" title="/home/avenger/Other/Projects/untitledproject2/src/game/draw.h" alt="" coords="267,155,653,181">
<area shape="rect" href="$game_8cpp.html" title="/home/avenger/Other/Projects/untitledproject2/src/game/game.cpp" alt="" coords="901,229,1307,256">
<area shape="rect" href="$player_8cpp.html" title="/home/avenger/Other/Projects/untitledproject2/src/game/player/player.cpp" alt="" coords="5,229,453,256">
<area shape="rect" href="$input_8h.html" title="/home/avenger/Other/Projects/untitledproject2/src/game/misc/input.h" alt="" coords="1575,80,1993,107">
<area shape="rect" href="$input_8cpp.html" title="/home/avenger/Other/Projects/untitledproject2/src/game/misc/input.cpp" alt="" coords="1749,155,2184,181">
<area shape="rect" href="$vector_8h.html" title="/home/avenger/Other/Projects/untitledproject2/src/game/misc/vector.h" alt="" coords="1124,80,1551,107">
<area shape="rect" href="$loadanimation_8h.html" title="/home/avenger/Other/Projects/untitledproject2/src/game/misc/animation/loadanimation.h" alt="" coords="2119,80,2649,107">
<area shape="rect" href="$anim_8h.html" title="/home/avenger/Other/Projects/untitledproject2/src/game/misc/animation/anim.h" alt="" coords="2208,155,2688,181">
<area shape="rect" href="$loadanimation_8cpp.html" title="/home/avenger/Other/Projects/untitledproject2/src/game/misc/animation/loadanimation.cpp" alt="" coords="2763,155,3309,181">
<area shape="rect" href="$file_8cpp.html" title="/home/avenger/Other/Projects/untitledproject2/src/game/misc/file.cpp" alt="" coords="2724,80,3148,107">
<area shape="rect" href="$log_8cpp.html" title="/home/avenger/Other/Projects/untitledproject2/src/game/misc/log.cpp" alt="" coords="3172,80,3596,107">
<area shape="rect" href="$timer_8cpp.html" title="/home/avenger/Other/Projects/untitledproject2/src/game/misc/timer.cpp" alt="" coords="3620,80,4055,107">
<area shape="rect" href="$main_8cpp.html" title="/home/avenger/Other/Projects/untitledproject2/src/main.cpp" alt="" coords="4079,80,4444,107">
<area shape="rect" href="$draw_8cpp.html" title="/home/avenger/Other/Projects/untitledproject2/src/game/draw.cpp" alt="" coords="477,229,877,256">
<area shape="rect" href="$init_8cpp.html" title="/home/avenger/Other/Projects/untitledproject2/src/game/init.cpp" alt="" coords="1331,229,1723,256">
<area shape="rect" href="$player_8h.html" title="/home/avenger/Other/Projects/untitledproject2/src/game/player/player.h" alt="" coords="1192,155,1624,181">
<area shape="rect" href="$vector_8cpp.html" title="/home/avenger/Other/Projects/untitledproject2/src/game/misc/vector.cpp" alt="" coords="728,155,1168,181">
<area shape="rect" href="$luaanimation_8cpp.html" title="/home/avenger/Other/Projects/untitledproject2/src/game/misc/animation/luaanimation.cpp" alt="" coords="3229,229,3768,256">
<area shape="rect" href="$load_8cpp.html" title="/home/avenger/Other/Projects/untitledproject2/src/game/load.cpp" alt="" coords="1747,229,2144,256">
<area shape="rect" href="$anim_8cpp.html" title="/home/avenger/Other/Projects/untitledproject2/src/game/misc/animation/anim.cpp" alt="" coords="2168,229,2661,256">
<area shape="rect" href="$animproc_8cpp.html" title="/home/avenger/Other/Projects/untitledproject2/src/game/misc/animation/animproc.cpp" alt="" coords="2685,229,3205,256">
