<area shape="rect" href="$game_8cpp.html" title="/home/avenger/Other/Projects/untitledproject2/src/game/game.cpp" alt="" coords="5,80,411,107">
<area shape="rect" href="$init_8cpp.html" title="/home/avenger/Other/Projects/untitledproject2/src/game/init.cpp" alt="" coords="435,80,827,107">
<area shape="rect" href="$level_8cpp.html" title="/home/avenger/Other/Projects/untitledproject2/src/game/level/level.cpp" alt="" coords="851,80,1283,107">
<area shape="rect" href="$load_8cpp.html" title="/home/avenger/Other/Projects/untitledproject2/src/game/load.cpp" alt="" coords="1307,80,1704,107">
<area shape="rect" href="$anim_8cpp.html" title="/home/avenger/Other/Projects/untitledproject2/src/game/misc/animation/anim.cpp" alt="" coords="1728,80,2221,107">
<area shape="rect" href="$loadanimation_8cpp.html" title="/home/avenger/Other/Projects/untitledproject2/src/game/misc/animation/loadanimation.cpp" alt="" coords="2245,80,2792,107">
<area shape="rect" href="$luaanimation_8cpp.html" title="/home/avenger/Other/Projects/untitledproject2/src/game/misc/animation/luaanimation.cpp" alt="" coords="2816,80,3355,107">
<area shape="rect" href="$file_8cpp.html" title="/home/avenger/Other/Projects/untitledproject2/src/game/misc/file.cpp" alt="" coords="3379,80,3803,107">
<area shape="rect" href="$loadimage_8cpp.html" title="/home/avenger/Other/Projects/untitledproject2/src/game/misc/loadimage.cpp" alt="" coords="3827,80,4291,107">
<area shape="rect" href="$player_8cpp.html" title="/home/avenger/Other/Projects/untitledproject2/src/game/player/player.cpp" alt="" coords="4315,80,4763,107">
<area shape="rect" href="$main_8cpp.html" title="/home/avenger/Other/Projects/untitledproject2/src/main.cpp" alt="" coords="4787,80,5152,107">
