<area shape="rect" href="$game_8cpp.html" title="/home/avenger/Other/Projects/untitledproject2/src/game/game.cpp" alt="" coords="5,80,411,107">
<area shape="rect" href="$init_8cpp.html" title="/home/avenger/Other/Projects/untitledproject2/src/game/init.cpp" alt="" coords="435,80,827,107">
<area shape="rect" href="$load_8cpp.html" title="/home/avenger/Other/Projects/untitledproject2/src/game/load.cpp" alt="" coords="851,80,1248,107">
<area shape="rect" href="$loadanimation_8cpp.html" title="/home/avenger/Other/Projects/untitledproject2/src/game/misc/animation/loadanimation.cpp" alt="" coords="1272,80,1819,107">
<area shape="rect" href="$luaanimation_8cpp.html" title="/home/avenger/Other/Projects/untitledproject2/src/game/misc/animation/luaanimation.cpp" alt="" coords="1843,80,2381,107">
<area shape="rect" href="$file_8cpp.html" title="/home/avenger/Other/Projects/untitledproject2/src/game/misc/file.cpp" alt="" coords="2405,80,2829,107">
<area shape="rect" href="$loadimage_8cpp.html" title="/home/avenger/Other/Projects/untitledproject2/src/game/misc/loadimage.cpp" alt="" coords="2853,80,3317,107">
<area shape="rect" href="$player_8cpp.html" title="/home/avenger/Other/Projects/untitledproject2/src/game/player/player.cpp" alt="" coords="3341,80,3789,107">
<area shape="rect" href="$main_8cpp.html" title="/home/avenger/Other/Projects/untitledproject2/src/main.cpp" alt="" coords="3813,80,4179,107">
