<area shape="rect" href="$port_8h.html" title="port.h" alt="" coords="183,304,236,331">
<area shape="rect" href="$game_8h.html" title="game.h" alt="" coords="593,80,657,107">
<area shape="rect" href="$draw_8h.html" title="draw.h" alt="" coords="171,155,229,181">
<area shape="rect" href="$timer_8h.html" title="misc/timer.h" alt="" coords="959,80,1049,107">
<area shape="rect" href="$input_8h.html" title="misc/input.h" alt="" coords="5,80,96,107">
<area shape="rect" href="$player_8h.html" title="player/player.h" alt="" coords="327,80,431,107">
<area shape="rect" href="$log_8h.html" title="misc/log.h" alt="" coords="941,155,1021,181">
<area shape="rect" href="$moduletemplate_8h.html" title="../misc/moduletemplate.h" alt="" coords="776,229,944,256">
<area shape="rect" href="$vector_8h.html" title="../misc/vector.h" alt="" coords="253,155,365,181">
<area shape="rect" href="$anim_8h.html" title="../misc/animation/anim.h" alt="" coords="487,155,649,181">
<area shape="rect" href="$loadanimation_8h.html" title="loadanimation.h" alt="" coords="459,229,571,256">
<area shape="rect" href="$lua_8h.html" title="../../lua.h" alt="" coords="477,304,549,331">
<area shape="rect" href="$loadtemplate_8h.html" title="loadtemplate.h" alt="" coords="699,304,805,331">
