<area shape="rect" href="$timer_8h.html" title="misc/timer.h" alt="" coords="147,80,237,107">
<area shape="rect" href="$input_8h.html" title="misc/input.h" alt="" coords="856,80,947,107">
<area shape="rect" href="$file_8h.html" title="misc/file.h" alt="" coords="992,229,1072,256">
<area shape="rect" href="$anim_8h.html" title="misc/animation/anim.h" alt="" coords="419,80,571,107">
<area shape="rect" href="$player_8h.html" title="player/player.h" alt="" coords="645,80,749,107">
<area shape="rect" href="$game_8h.html" title="game.h" alt="" coords="1081,80,1145,107">
<area shape="rect" href="$draw_8h.html" title="draw.h" alt="" coords="773,80,832,107">
<area shape="rect" href="$game_2port_8h.html" title="../port.h" alt="" coords="816,229,883,256">
<area shape="rect" href="$loadanimation_8h.html" title="loadanimation.h" alt="" coords="392,155,504,181">
<area shape="rect" href="$moduletemplate_8h.html" title="../moduletemplate.h" alt="" coords="629,155,765,181">
<area shape="rect" href="$loadtemplate_8h.html" title="loadtemplate.h" alt="" coords="267,229,373,256">
<area shape="rect" href="$vector_8h.html" title="../misc/vector.h" alt="" coords="891,155,1003,181">
<area shape="rect" href="$log_8h.html" title="misc/log.h" alt="" coords="1107,155,1187,181">
