<area shape="rect" href="$timer_8h.html" title="misc/timer.h" alt="" coords="407,80,497,107">
<area shape="rect" href="$input_8h.html" title="misc/input.h" alt="" coords="984,155,1075,181">
<area shape="rect" href="$file_8h.html" title="misc/file.h" alt="" coords="613,304,693,331">
<area shape="rect" href="$anim_8h.html" title="misc/animation/anim.h" alt="" coords="448,155,600,181">
<area shape="rect" href="$player_8h.html" title="player/player.h" alt="" coords="615,80,719,107">
<area shape="rect" href="$game_8h.html" title="game.h" alt="" coords="1079,80,1143,107">
<area shape="rect" href="$draw_8h.html" title="draw.h" alt="" coords="824,80,883,107">
<area shape="rect" href="$port_8h.html" title="../port.h" alt="" coords="759,304,825,331">
<area shape="rect" href="$loadanimation_8h.html" title="loadanimation.h" alt="" coords="299,229,411,256">
<area shape="rect" href="$moduletemplate_8h.html" title="../moduletemplate.h" alt="" coords="587,229,723,256">
<area shape="rect" href="$lua_8h.html" title="../../lua.h" alt="" coords="48,304,120,331">
<area shape="rect" href="$loadtemplate_8h.html" title="loadtemplate.h" alt="" coords="281,304,388,331">
<area shape="rect" href="$vector_8h.html" title="../misc/vector.h" alt="" coords="797,155,909,181">
<area shape="rect" href="$log_8h.html" title="misc/log.h" alt="" coords="1099,155,1179,181">
