<area shape="rect" href="$anim_8h.html" title="/home/avenger/Other/Projects/untitledproject2/src/game/misc/animation/anim.h" alt="" coords="1051,80,1531,107">
<area shape="rect" href="$luaanimation_8cpp.html" title="/home/avenger/Other/Projects/untitledproject2/src/game/misc/animation/luaanimation.cpp" alt="" coords="1904,155,2443,181">
<area shape="rect" href="$loadanimation_8cpp.html" title="/home/avenger/Other/Projects/untitledproject2/src/game/misc/animation/loadanimation.cpp" alt="" coords="2008,80,2555,107">
<area shape="rect" href="$init_8cpp.html" title="/home/avenger/Other/Projects/untitledproject2/src/game/init.cpp" alt="" coords="5,155,397,181">
<area shape="rect" href="$load_8cpp.html" title="/home/avenger/Other/Projects/untitledproject2/src/game/load.cpp" alt="" coords="421,155,819,181">
<area shape="rect" href="$anim_8cpp.html" title="/home/avenger/Other/Projects/untitledproject2/src/game/misc/animation/anim.cpp" alt="" coords="843,155,1336,181">
<area shape="rect" href="$animproc_8cpp.html" title="/home/avenger/Other/Projects/untitledproject2/src/game/misc/animation/animproc.cpp" alt="" coords="1360,155,1880,181">
