<area shape="rect" href="$anim_8h.html" title="/home/avenger/Other/Projects/untitledproject2/src/game/misc/animation/anim.h" alt="" coords="1232,80,1712,107">
<area shape="rect" href="$loadanimation_8cpp.html" title="/home/avenger/Other/Projects/untitledproject2/src/game/misc/animation/loadanimation.cpp" alt="" coords="1963,155,2509,181">
<area shape="rect" href="$luaanimation_8cpp.html" title="/home/avenger/Other/Projects/untitledproject2/src/game/misc/animation/luaanimation.cpp" alt="" coords="2533,155,3072,181">
<area shape="rect" href="$player_8h.html" title="/home/avenger/Other/Projects/untitledproject2/src/game/player/player.h" alt="" coords="1507,155,1939,181">
<area shape="rect" href="$init_8cpp.html" title="/home/avenger/Other/Projects/untitledproject2/src/game/init.cpp" alt="" coords="437,229,829,256">
<area shape="rect" href="$load_8cpp.html" title="/home/avenger/Other/Projects/untitledproject2/src/game/load.cpp" alt="" coords="24,155,421,181">
<area shape="rect" href="$anim_8cpp.html" title="/home/avenger/Other/Projects/untitledproject2/src/game/misc/animation/anim.cpp" alt="" coords="445,155,939,181">
<area shape="rect" href="$animproc_8cpp.html" title="/home/avenger/Other/Projects/untitledproject2/src/game/misc/animation/animproc.cpp" alt="" coords="963,155,1483,181">
<area shape="rect" href="$game_8cpp.html" title="/home/avenger/Other/Projects/untitledproject2/src/game/game.cpp" alt="" coords="1745,229,2151,256">
<area shape="rect" href="$player_8cpp.html" title="/home/avenger/Other/Projects/untitledproject2/src/game/player/player.cpp" alt="" coords="1273,229,1721,256">
