<area shape="rect" href="$port_8h.html" title="../../port.h" alt="" coords="453,229,531,256">
<area shape="rect" href="$game_8h.html" title="../../game.h" alt="" coords="316,80,404,107">
<area shape="rect" href="$log_8h.html" title="misc/log.h" alt="" coords="320,155,400,181">
<area shape="rect" href="$loadanimation_8h.html" title="loadanimation.h" alt="" coords="629,155,741,181">
<area shape="rect" href="$loadimage_8h.html" title="../loadimage.h" alt="" coords="23,155,127,181">
<area shape="rect" href="$file_8h.html" title="../misc/file.h" alt="" coords="112,229,205,256">
<area shape="rect" href="$anim_8h.html" title="anim.h" alt="" coords="775,80,833,107">
<area shape="rect" href="$luaanimation_8h.html" title="luaanimation.h" alt="" coords="1000,80,1104,107">
<area shape="rect" href="$lua_8h.html" title="../../lua.h" alt="" coords="1025,229,1097,256">
<area shape="rect" href="$loadtemplate_8h.html" title="loadtemplate.h" alt="" coords="555,229,661,256">
<area shape="rect" href="$moduletemplate_8h.html" title="../moduletemplate.h" alt="" coords="997,155,1133,181">
