<area shape="rect" href="$game_8h.html" title="/home/avenger/Other/Projects/untitledproject2/src/game/game.h" alt="" coords="2624,80,3016,107">
<area shape="rect" href="$load_8cpp.html" title="/home/avenger/Other/Projects/untitledproject2/src/game/load.cpp" alt="" coords="5,155,403,181">
<area shape="rect" href="$loadanimation_8cpp.html" title="/home/avenger/Other/Projects/untitledproject2/src/game/misc/animation/loadanimation.cpp" alt="" coords="4117,155,4664,181">
<area shape="rect" href="$loadimage_8cpp.html" title="/home/avenger/Other/Projects/untitledproject2/src/game/misc/loadimage.cpp" alt="" coords="4688,155,5152,181">
<area shape="rect" href="$log_8cpp.html" title="/home/avenger/Other/Projects/untitledproject2/src/game/misc/log.cpp" alt="" coords="3924,80,4348,107">
<area shape="rect" href="$game_8cpp.html" title="/home/avenger/Other/Projects/untitledproject2/src/game/game.cpp" alt="" coords="3688,155,4093,181">
<area shape="rect" href="$init_8cpp.html" title="/home/avenger/Other/Projects/untitledproject2/src/game/init.cpp" alt="" coords="427,155,819,181">
<area shape="rect" href="$level_8cpp.html" title="/home/avenger/Other/Projects/untitledproject2/src/game/level/level.cpp" alt="" coords="843,155,1275,181">
<area shape="rect" href="$anim_8cpp.html" title="/home/avenger/Other/Projects/untitledproject2/src/game/misc/animation/anim.cpp" alt="" coords="1299,155,1792,181">
<area shape="rect" href="$luaanimation_8cpp.html" title="/home/avenger/Other/Projects/untitledproject2/src/game/misc/animation/luaanimation.cpp" alt="" coords="1816,155,2355,181">
<area shape="rect" href="$file_8cpp.html" title="/home/avenger/Other/Projects/untitledproject2/src/game/misc/file.cpp" alt="" coords="2379,155,2803,181">
<area shape="rect" href="$player_8cpp.html" title="/home/avenger/Other/Projects/untitledproject2/src/game/player/player.cpp" alt="" coords="2827,155,3275,181">
<area shape="rect" href="$main_8cpp.html" title="/home/avenger/Other/Projects/untitledproject2/src/main.cpp" alt="" coords="3299,155,3664,181">
