<area shape="rect" href="$luaanimation_8h.html" title="luaanimation.h" alt="" coords="107,80,211,107">
<area shape="rect" href="$loadanimation_8h.html" title="loadanimation.h" alt="" coords="219,155,331,181">
<area shape="rect" href="$anim_8h.html" title="anim.h" alt="" coords="404,80,463,107">
<area shape="rect" href="$loadimage_8h.html" title="../loadimage.h" alt="" coords="747,155,851,181">
<area shape="rect" href="$game_8h.html" title="../../game.h" alt="" coords="779,80,867,107">
<area shape="rect" href="$lua_8h.html" title="../../lua.h" alt="" coords="48,229,120,256">
<area shape="rect" href="$port_8h.html" title="../../port.h" alt="" coords="523,229,600,256">
<area shape="rect" href="$loadtemplate_8h.html" title="loadtemplate.h" alt="" coords="291,229,397,256">
<area shape="rect" href="$moduletemplate_8h.html" title="../moduletemplate.h" alt="" coords="485,155,621,181">
<area shape="rect" href="$file_8h.html" title="../misc/file.h" alt="" coords="725,229,819,256">
<area shape="rect" href="$log_8h.html" title="misc/log.h" alt="" coords="908,155,988,181">
