<area shape="rect" href="$player_8h.html" title="/home/avenger/Other/Projects/untitledproject2/src/game/player/player.h" alt="" coords="633,80,1065,107">
<area shape="rect" href="$anim_8h.html" title="/home/avenger/Other/Projects/untitledproject2/src/game/misc/animation/anim.h" alt="" coords="1516,80,1996,107">
<area shape="rect" href="$game_8cpp.html" title="/home/avenger/Other/Projects/untitledproject2/src/game/game.cpp" alt="" coords="5,155,411,181">
<area shape="rect" href="$init_8cpp.html" title="/home/avenger/Other/Projects/untitledproject2/src/game/init.cpp" alt="" coords="907,155,1299,181">
<area shape="rect" href="$player_8cpp.html" title="/home/avenger/Other/Projects/untitledproject2/src/game/player/player.cpp" alt="" coords="435,155,883,181">
<area shape="rect" href="$load_8cpp.html" title="/home/avenger/Other/Projects/untitledproject2/src/game/load.cpp" alt="" coords="1323,155,1720,181">
<area shape="rect" href="$anim_8cpp.html" title="/home/avenger/Other/Projects/untitledproject2/src/game/misc/animation/anim.cpp" alt="" coords="1744,155,2237,181">
<area shape="rect" href="$animproc_8cpp.html" title="/home/avenger/Other/Projects/untitledproject2/src/game/misc/animation/animproc.cpp" alt="" coords="2261,155,2781,181">
<area shape="rect" href="$luaanimation_8cpp.html" title="/home/avenger/Other/Projects/untitledproject2/src/game/misc/animation/luaanimation.cpp" alt="" coords="2805,155,3344,181">
