<area shape="rect" href="$port_8h.html" title="../port.h" alt="" coords="203,304,269,331">
<area shape="rect" href="$player_8h.html" title="player.h" alt="" coords="263,80,329,107">
<area shape="rect" href="$draw_8h.html" title="../draw.h" alt="" coords="128,80,197,107">
<area shape="rect" href="$game_8h.html" title="../game.h" alt="" coords="623,80,697,107">
<area shape="rect" href="$moduletemplate_8h.html" title="../misc/moduletemplate.h" alt="" coords="273,229,441,256">
<area shape="rect" href="$vector_8h.html" title="../misc/vector.h" alt="" coords="180,155,292,181">
<area shape="rect" href="$anim_8h.html" title="../misc/animation/anim.h" alt="" coords="495,155,657,181">
<area shape="rect" href="$loadanimation_8h.html" title="loadanimation.h" alt="" coords="567,229,679,256">
<area shape="rect" href="$lua_8h.html" title="../../lua.h" alt="" coords="396,304,468,331">
<area shape="rect" href="$loadtemplate_8h.html" title="loadtemplate.h" alt="" coords="617,304,724,331">
<area shape="rect" href="$log_8h.html" title="misc/log.h" alt="" coords="891,155,971,181">
