<area shape="rect" href="$draw_8h.html" title="/home/avenger/Other/Projects/untitledproject2/src/game/draw.h" alt="" coords="429,80,816,107">
<area shape="rect" href="$game_8cpp.html" title="/home/avenger/Other/Projects/untitledproject2/src/game/game.cpp" alt="" coords="845,155,1251,181">
<area shape="rect" href="$input_8h.html" title="/home/avenger/Other/Projects/untitledproject2/src/game/misc/input.h" alt="" coords="840,80,1259,107">
<area shape="rect" href="$input_8cpp.html" title="/home/avenger/Other/Projects/untitledproject2/src/game/misc/input.cpp" alt="" coords="1275,155,1709,181">
<area shape="rect" href="$timer_8cpp.html" title="/home/avenger/Other/Projects/untitledproject2/src/game/misc/timer.cpp" alt="" coords="1384,80,1819,107">
<area shape="rect" href="$draw_8cpp.html" title="/home/avenger/Other/Projects/untitledproject2/src/game/draw.cpp" alt="" coords="5,155,405,181">
<area shape="rect" href="$init_8cpp.html" title="/home/avenger/Other/Projects/untitledproject2/src/game/init.cpp" alt="" coords="429,155,821,181">
