<area shape="rect" href="$vector_8h.html" title="/home/avenger/Other/Projects/untitledproject2/src/game/misc/vector.h" alt="" coords="1229,80,1656,107">
<area shape="rect" href="$game_8cpp.html" title="/home/avenger/Other/Projects/untitledproject2/src/game/game.cpp" alt="" coords="2823,304,3228,331">
<area shape="rect" href="$player_8cpp.html" title="/home/avenger/Other/Projects/untitledproject2/src/game/player/player.cpp" alt="" coords="1927,304,2375,331">
<area shape="rect" href="$level_8cpp.html" title="/home/avenger/Other/Projects/untitledproject2/src/game/level/level.cpp" alt="" coords="1471,304,1903,331">
<area shape="rect" href="$draw_8h.html" title="/home/avenger/Other/Projects/untitledproject2/src/game/draw.h" alt="" coords="2141,229,2528,256">
<area shape="rect" href="$input_8h.html" title="/home/avenger/Other/Projects/untitledproject2/src/game/misc/input.h" alt="" coords="2949,80,3368,107">
<area shape="rect" href="$input_8cpp.html" title="/home/avenger/Other/Projects/untitledproject2/src/game/misc/input.cpp" alt="" coords="3160,155,3595,181">
<area shape="rect" href="$loadanimation_8h.html" title="/home/avenger/Other/Projects/untitledproject2/src/game/misc/animation/loadanimation.h" alt="" coords="3593,80,4124,107">
<area shape="rect" href="$anim_8h.html" title="/home/avenger/Other/Projects/untitledproject2/src/game/misc/animation/anim.h" alt="" coords="3619,155,4099,181">
<area shape="rect" href="$loadanimation_8cpp.html" title="/home/avenger/Other/Projects/untitledproject2/src/game/misc/animation/loadanimation.cpp" alt="" coords="5256,229,5803,256">
<area shape="rect" href="$file_8cpp.html" title="/home/avenger/Other/Projects/untitledproject2/src/game/misc/file.cpp" alt="" coords="4199,80,4623,107">
<area shape="rect" href="$log_8cpp.html" title="/home/avenger/Other/Projects/untitledproject2/src/game/misc/log.cpp" alt="" coords="4647,80,5071,107">
<area shape="rect" href="$timer_8cpp.html" title="/home/avenger/Other/Projects/untitledproject2/src/game/misc/timer.cpp" alt="" coords="5095,80,5529,107">
<area shape="rect" href="$main_8cpp.html" title="/home/avenger/Other/Projects/untitledproject2/src/main.cpp" alt="" coords="5553,80,5919,107">
<area shape="rect" href="$collision_8h.html" title="/home/avenger/Other/Projects/untitledproject2/src/game/collision/collision.h" alt="" coords="469,155,928,181">
<area shape="rect" href="$colmap_8h.html" title="/home/avenger/Other/Projects/untitledproject2/src/game/collision/colmap.h" alt="" coords="952,155,1405,181">
<area shape="rect" href="$colmap_8cpp.html" title="/home/avenger/Other/Projects/untitledproject2/src/game/collision/colmap.cpp" alt="" coords="980,304,1447,331">
<area shape="rect" href="$player_8h.html" title="/home/avenger/Other/Projects/untitledproject2/src/game/player/player.h" alt="" coords="2603,229,3035,256">
<area shape="rect" href="$levelinfo_8h.html" title="/home/avenger/Other/Projects/untitledproject2/src/game/level/levelinfo.h" alt="" coords="1480,155,1920,181">
<area shape="rect" href="$vector_8cpp.html" title="/home/avenger/Other/Projects/untitledproject2/src/game/misc/vector.cpp" alt="" coords="5,155,445,181">
<area shape="rect" href="$colapply_8cpp.html" title="/home/avenger/Other/Projects/untitledproject2/src/game/collision/colapply.cpp" alt="" coords="477,304,949,331">
<area shape="rect" href="$colapply_8h.html" title="/home/avenger/Other/Projects/untitledproject2/src/game/collision/colapply.h" alt="" coords="736,229,1195,256">
<area shape="rect" href="$init_8cpp.html" title="/home/avenger/Other/Projects/untitledproject2/src/game/init.cpp" alt="" coords="3252,304,3644,331">
<area shape="rect" href="$level_8h.html" title="/home/avenger/Other/Projects/untitledproject2/src/game/level/level.h" alt="" coords="1485,229,1904,256">
<area shape="rect" href="$draw_8cpp.html" title="/home/avenger/Other/Projects/untitledproject2/src/game/draw.cpp" alt="" coords="2399,304,2799,331">
<area shape="rect" href="$luaanimation_8cpp.html" title="/home/avenger/Other/Projects/untitledproject2/src/game/misc/animation/luaanimation.cpp" alt="" coords="4693,229,5232,256">
<area shape="rect" href="$load_8cpp.html" title="/home/avenger/Other/Projects/untitledproject2/src/game/load.cpp" alt="" coords="4272,229,4669,256">
<area shape="rect" href="$anim_8cpp.html" title="/home/avenger/Other/Projects/untitledproject2/src/game/misc/animation/anim.cpp" alt="" coords="3160,229,3653,256">
<area shape="rect" href="$animproc_8cpp.html" title="/home/avenger/Other/Projects/untitledproject2/src/game/misc/animation/animproc.cpp" alt="" coords="3677,229,4197,256">
