<area shape="rect" href="$collision_8h.html" title="/home/avenger/Other/Projects/untitledproject2/src/game/collision/collision.h" alt="" coords="5,80,464,107">
<area shape="rect" href="$colmap_8h.html" title="/home/avenger/Other/Projects/untitledproject2/src/game/collision/colmap.h" alt="" coords="488,80,941,107">
<area shape="rect" href="$colmap_8cpp.html" title="/home/avenger/Other/Projects/untitledproject2/src/game/collision/colmap.cpp" alt="" coords="645,229,1112,256">
<area shape="rect" href="$player_8h.html" title="/home/avenger/Other/Projects/untitledproject2/src/game/player/player.h" alt="" coords="1016,80,1448,107">
<area shape="rect" href="$levelinfo_8h.html" title="/home/avenger/Other/Projects/untitledproject2/src/game/level/levelinfo.h" alt="" coords="1472,80,1912,107">
<area shape="rect" href="$vector_8cpp.html" title="/home/avenger/Other/Projects/untitledproject2/src/game/misc/vector.cpp" alt="" coords="1936,80,2376,107">
<area shape="rect" href="$colapply_8cpp.html" title="/home/avenger/Other/Projects/untitledproject2/src/game/collision/colapply.cpp" alt="" coords="124,229,596,256">
<area shape="rect" href="$colapply_8h.html" title="/home/avenger/Other/Projects/untitledproject2/src/game/collision/colapply.h" alt="" coords="383,155,841,181">
<area shape="rect" href="$game_8cpp.html" title="/home/avenger/Other/Projects/untitledproject2/src/game/game.cpp" alt="" coords="1016,155,1421,181">
<area shape="rect" href="$init_8cpp.html" title="/home/avenger/Other/Projects/untitledproject2/src/game/init.cpp" alt="" coords="1445,155,1837,181">
<area shape="rect" href="$player_8cpp.html" title="/home/avenger/Other/Projects/untitledproject2/src/game/player/player.cpp" alt="" coords="1861,155,2309,181">
<area shape="rect" href="$level_8h.html" title="/home/avenger/Other/Projects/untitledproject2/src/game/level/level.h" alt="" coords="2333,155,2752,181">
<area shape="rect" href="$level_8cpp.html" title="/home/avenger/Other/Projects/untitledproject2/src/game/level/level.cpp" alt="" coords="2327,229,2759,256">
